#-----------------------------------------------------------
# Vivado v2023.2 (64-bit)
# SW Build 4029153 on Fri Oct 13 20:14:34 MDT 2023
# IP Build 4028589 on Sat Oct 14 00:45:43 MDT 2023
# SharedData Build 4025554 on Tue Oct 10 17:18:54 MDT 2023
# Start of session at: Mon Oct 14 04:57:04 2024
# Process ID: 18868
# Current directory: C:/Users/Darshana/Documents/GitHub/JitFilt/JitFilt-PLL/EXP1/FPGA2/FPGA2/FPGA2.runs/impl_1
# Command line: vivado.exe -log top_TDC_ZED_BOARD.vdi -applog -product Vivado -messageDb vivado.pb -mode batch -source top_TDC_ZED_BOARD.tcl -notrace
# Log file: C:/Users/Darshana/Documents/GitHub/JitFilt/JitFilt-PLL/EXP1/FPGA2/FPGA2/FPGA2.runs/impl_1/top_TDC_ZED_BOARD.vdi
# Journal file: C:/Users/Darshana/Documents/GitHub/JitFilt/JitFilt-PLL/EXP1/FPGA2/FPGA2/FPGA2.runs/impl_1\vivado.jou
# Running On: DESKTOP-O3QOG7I, OS: Windows, CPU Frequency: 3492 MHz, CPU Physical cores: 4, Host memory: 34226 MB
#-----------------------------------------------------------
source top_TDC_ZED_BOARD.tcl -notrace
